Archive member included to satisfy reference by file (symbol)

/usr/lib/gcc/riscv64-unknown-elf/9.3.0/rv64imafdc/lp64d/libgcc.a(_clzsi2.o)
                              ./build/FreeRTOS/tasks.o (__clzdi2)
/usr/lib/gcc/riscv64-unknown-elf/9.3.0/rv64imafdc/lp64d/libgcc.a(_clz.o)
                              /usr/lib/gcc/riscv64-unknown-elf/9.3.0/rv64imafdc/lp64d/libgcc.a(_clzsi2.o) (__clz_tab)
/usr/lib/gcc/riscv64-unknown-elf/9.3.0/libg_nano.a(lib_a-atexit.o)
                              ./build/FreeRTOS/start.o (atexit)
/usr/lib/gcc/riscv64-unknown-elf/9.3.0/libg_nano.a(lib_a-exit.o)
                              ./build/FreeRTOS/start.o (exit)
/usr/lib/gcc/riscv64-unknown-elf/9.3.0/libg_nano.a(lib_a-fini.o)
                              ./build/FreeRTOS/start.o (__libc_fini_array)
/usr/lib/gcc/riscv64-unknown-elf/9.3.0/libg_nano.a(lib_a-impure.o)
                              /usr/lib/gcc/riscv64-unknown-elf/9.3.0/libg_nano.a(lib_a-exit.o) (_global_impure_ptr)
/usr/lib/gcc/riscv64-unknown-elf/9.3.0/libg_nano.a(lib_a-init.o)
                              ./build/FreeRTOS/start.o (__libc_init_array)
/usr/lib/gcc/riscv64-unknown-elf/9.3.0/libg_nano.a(lib_a-memcpy.o)
                              ./build/FreeRTOS/queue.o (memcpy)
/usr/lib/gcc/riscv64-unknown-elf/9.3.0/libg_nano.a(lib_a-memset.o)
                              ./build/app/TimerDemo.o (memset)
/usr/lib/gcc/riscv64-unknown-elf/9.3.0/libg_nano.a(lib_a-strcmp.o)
                              ./build/app/TimerDemo.o (strcmp)
/usr/lib/gcc/riscv64-unknown-elf/9.3.0/libg_nano.a(lib_a-strlen.o)
                              ./build/app/main_blinky.o (strlen)
/usr/lib/gcc/riscv64-unknown-elf/9.3.0/libg_nano.a(lib_a-__atexit.o)
                              /usr/lib/gcc/riscv64-unknown-elf/9.3.0/libg_nano.a(lib_a-atexit.o) (__register_exitproc)
/usr/lib/gcc/riscv64-unknown-elf/9.3.0/libg_nano.a(lib_a-__call_atexit.o)
                              /usr/lib/gcc/riscv64-unknown-elf/9.3.0/libg_nano.a(lib_a-__atexit.o) (__call_exitprocs)

Allocating common symbols
Common symbol       size              file

xQueueRegistry      0x80              ./build/FreeRTOS/queue.o
xSuspendedTestQueue
                    0x8               ./build/app/dynamic.o

Discarded input sections

 .group         0x0000000000000000        0xc ./build/app/main.o
 .group         0x0000000000000000        0xc ./build/app/main.o
 .group         0x0000000000000000        0xc ./build/app/main.o
 .group         0x0000000000000000        0xc ./build/app/main.o
 .group         0x0000000000000000        0xc ./build/app/main.o
 .group         0x0000000000000000        0xc ./build/app/main.o
 .group         0x0000000000000000        0xc ./build/app/main.o
 .group         0x0000000000000000        0xc ./build/app/main.o
 .group         0x0000000000000000        0xc ./build/app/main.o
 .group         0x0000000000000000        0xc ./build/app/main.o
 .group         0x0000000000000000        0xc ./build/app/main.o
 .group         0x0000000000000000        0xc ./build/app/main.o
 .group         0x0000000000000000        0xc ./build/app/main.o
 .group         0x0000000000000000        0xc ./build/app/main.o
 .group         0x0000000000000000        0xc ./build/app/main.o
 .group         0x0000000000000000        0xc ./build/app/main.o
 .group         0x0000000000000000        0xc ./build/app/main.o
 .group         0x0000000000000000        0xc ./build/app/main.o
 .group         0x0000000000000000        0xc ./build/app/main.o
 .group         0x0000000000000000        0xc ./build/app/main.o
 .group         0x0000000000000000        0xc ./build/app/main.o
 .group         0x0000000000000000        0xc ./build/app/main.o
 .text          0x0000000000000000        0x0 ./build/app/main.o
 .data          0x0000000000000000        0x0 ./build/app/main.o
 .bss           0x0000000000000000        0x0 ./build/app/main.o
 .text.vApplicationIdleHook
                0x0000000000000000        0xe ./build/app/main.o
 .group         0x0000000000000000        0xc ./build/app/main_blinky.o
 .group         0x0000000000000000        0xc ./build/app/main_blinky.o
 .group         0x0000000000000000        0xc ./build/app/main_blinky.o
 .group         0x0000000000000000        0xc ./build/app/main_blinky.o
 .group         0x0000000000000000        0xc ./build/app/main_blinky.o
 .group         0x0000000000000000        0xc ./build/app/main_blinky.o
 .group         0x0000000000000000        0xc ./build/app/main_blinky.o
 .group         0x0000000000000000        0xc ./build/app/main_blinky.o
 .group         0x0000000000000000        0xc ./build/app/main_blinky.o
 .group         0x0000000000000000        0xc ./build/app/main_blinky.o
 .group         0x0000000000000000        0xc ./build/app/main_blinky.o
 .group         0x0000000000000000        0xc ./build/app/main_blinky.o
 .group         0x0000000000000000        0xc ./build/app/main_blinky.o
 .group         0x0000000000000000        0xc ./build/app/main_blinky.o
[...]
Memory Configuration

Name             Origin             Length             Attributes
flash            0x0000000080000000 0x0000000000020000 axrl !w
ram              0x0000000080020000 0x0000000000010000 axw !rl
*default*        0x0000000000000000 0xffffffffffffffff

Linker script and memory map

                0x0000000000000400                __stack_size = 0x400
START GROUP
END GROUP
LOAD ./build/app/main.o
LOAD ./build/app/main_blinky.o
LOAD ./build/app/main_full.o
LOAD ./build/app/RegTest.o
LOAD ./build/app/EventGroupsDemo.o
LOAD ./build/app/TimerDemo.o
LOAD ./build/app/TaskNotify.o
LOAD ./build/app/GenQTest.o
LOAD ./build/app/blocktim.o
LOAD ./build/app/dynamic.o
LOAD ./build/app/recmutex.o
LOAD ./build/FreeRTOS/croutine.o
LOAD ./build/FreeRTOS/list.o
LOAD ./build/FreeRTOS/queue.o
LOAD ./build/FreeRTOS/tasks.o
LOAD ./build/FreeRTOS/timers.o
LOAD ./build/FreeRTOS/event_groups.o
LOAD ./build/FreeRTOS/stream_buffer.o
LOAD ./build/FreeRTOS/heap_4.o
LOAD ./build/FreeRTOS/port.o
LOAD ./build/FreeRTOS/portASM.o
LOAD ./build/FreeRTOS/_exit.o
LOAD ./build/FreeRTOS/close.o
LOAD ./build/FreeRTOS/execve.o
LOAD ./build/FreeRTOS/fork.o
LOAD ./build/FreeRTOS/fstat.o
LOAD ./build/FreeRTOS/getpid.o
LOAD ./build/FreeRTOS/isatty.o
LOAD ./build/FreeRTOS/kill.o
LOAD ./build/FreeRTOS/link.o
LOAD ./build/FreeRTOS/lseek.o
LOAD ./build/FreeRTOS/openat.o
LOAD ./build/FreeRTOS/puts.o
LOAD ./build/FreeRTOS/read.o
LOAD ./build/FreeRTOS/sbrk.o
LOAD ./build/FreeRTOS/stat.o
LOAD ./build/FreeRTOS/times.o
LOAD ./build/FreeRTOS/unlink.o
LOAD ./build/FreeRTOS/wait.o
LOAD ./build/FreeRTOS/write.o
LOAD ./build/FreeRTOS/malloc.o
LOAD ./build/FreeRTOS/write_hex.o
LOAD ./build/FreeRTOS/plic.o
LOAD ./build/FreeRTOS/uart.o
LOAD ./build/FreeRTOS/printf.o
LOAD ./build/FreeRTOS/timer.o
LOAD ./build/FreeRTOS/trap.o
LOAD ./build/FreeRTOS/entry.o
LOAD ./build/FreeRTOS/start.o
LOAD /usr/lib/gcc/riscv64-unknown-elf/9.3.0/rv64imafdc/lp64d/libgcc.a
LOAD /usr/lib/gcc/riscv64-unknown-elf/9.3.0/libg_nano.a
LOAD /usr/lib/gcc/riscv64-unknown-elf/9.3.0/libc_nano.a
LOAD /usr/lib/gcc/riscv64-unknown-elf/9.3.0/rv64imafdc/lp64d/libgcc.a
START GROUP
LOAD /usr/lib/gcc/riscv64-unknown-elf/9.3.0/rv64imafdc/lp64d/libgcc.a
LOAD /usr/lib/gcc/riscv64-unknown-elf/9.3.0/libc_nano.a
LOAD /usr/lib/gcc/riscv64-unknown-elf/9.3.0/libgloss_nano.a
END GROUP
                0x0000000000000400                __stack_size = DEFINED (__stack_size)?__stack_size:0x800

.init           0x0000000080000000       0xa8
 *(SORT_NONE(.init))
 .init          0x0000000080000000       0xa8 ./build/FreeRTOS/start.o
                0x0000000080000000                _start

.text           0x0000000080000100     0x4710
 *(.text.unlikely .text.unlikely.*)
 *(.text.startup .text.startup.*)
 *(.text .text.*)
 .text.main     0x0000000080000100       0x2c ./build/app/main.o
                0x0000000080000100                main
 .text.vApplicationMallocFailedHook
                0x000000008000012c        0xc ./build/app/main.o
                0x000000008000012c                vApplicationMallocFailedHook
 .text.vApplicationStackOverflowHook
                0x0000000080000138       0x14 ./build/app/main.o
                0x0000000080000138                vApplicationStackOverflowHook
 .text.vApplicationTickHook
                0x000000008000014c        0xe ./build/app/main.o
                0x000000008000014c                vApplicationTickHook
 .text.vAssertCalled
                0x000000008000015a       0x2a ./build/app/main.o
                0x000000008000015a                vAssertCalled
 .text.main_blinky
                0x0000000080000184       0xa6 ./build/app/main_blinky.o
                0x0000000080000184                main_blinky
 .text.prvQueueSendTask
                0x000000008000022a       0x5a ./build/app/main_blinky.o
 .text.prvQueueReceiveTask
                0x0000000080000284       0xa2 ./build/app/main_blinky.o
 .text.vExampleTimerCallback
                0x0000000080000326       0x40 ./build/app/main_blinky.o
 .text.vListInitialise
                0x0000000080000366       0x4c ./build/FreeRTOS/list.o
                0x0000000080000366                vListInitialise
 .text.vListInitialiseItem
                0x00000000800003b2       0x1a ./build/FreeRTOS/list.o
                0x00000000800003b2                vListInitialiseItem
 .text.vListInsert
                0x00000000800003cc       0xa2 ./build/FreeRTOS/list.o
                0x00000000800003cc                vListInsert
 .text.uxListRemove
                0x000000008000046e       0x70 ./build/FreeRTOS/list.o
                0x000000008000046e                uxListRemove
 .text.xQueueGenericReset
                0x00000000800004de      0x120 ./build/FreeRTOS/queue.o
                0x00000000800004de                xQueueGenericReset
 .text.xQueueGenericCreate
                0x00000000800005fe       0xba ./build/FreeRTOS/queue.o
                0x00000000800005fe                xQueueGenericCreate
 .text.prvInitialiseNewQueue
                0x00000000800006b8       0x62 ./build/FreeRTOS/queue.o
 .text.xQueueGenericSend
                0x000000008000071a      0x1ce ./build/FreeRTOS/queue.o
                0x000000008000071a                xQueueGenericSend
 .text.xQueueGenericSendFromISR
                0x00000000800008e8      0x12c ./build/FreeRTOS/queue.o
                0x00000000800008e8                xQueueGenericSendFromISR
 .text.xQueueReceive
                0x0000000080000a14      0x1a6 ./build/FreeRTOS/queue.o
                0x0000000080000a14                xQueueReceive
 .text.prvCopyDataToQueue
                0x0000000080000bba      0x12a ./build/FreeRTOS/queue.o
 .text.prvCopyDataFromQueue
                0x0000000080000ce4       0x6a ./build/FreeRTOS/queue.o
 .text.prvUnlockQueue
                0x0000000080000d4e       0xd6 ./build/FreeRTOS/queue.o
 .text.prvIsQueueEmpty
                0x0000000080000e24       0x36 ./build/FreeRTOS/queue.o
 .text.prvIsQueueFull
                0x0000000080000e5a       0x3e ./build/FreeRTOS/queue.o
 .text.vQueueAddToRegistry
                0x0000000080000e98       0xc4 ./build/FreeRTOS/queue.o
                0x0000000080000e98                vQueueAddToRegistry
 .text.vQueueWaitForMessageRestricted
                0x0000000080000f5c       0x94 ./build/FreeRTOS/queue.o
                0x0000000080000f5c                vQueueWaitForMessageRestricted
 .text.xTaskCreate
                0x0000000080000ff0       0xc2 ./build/FreeRTOS/tasks.o
                0x0000000080000ff0                xTaskCreate
 .text.prvInitialiseNewTask
                0x00000000800010b2      0x16a ./build/FreeRTOS/tasks.o
 .text.prvAddNewTaskToReadyList
                0x000000008000121c      0x19a ./build/FreeRTOS/tasks.o
 .text.xTaskDelayUntil
                0x00000000800013b6       0xee ./build/FreeRTOS/tasks.o
                0x00000000800013b6                xTaskDelayUntil
 .text.vTaskStartScheduler
                0x00000000800014a4       0x9c ./build/FreeRTOS/tasks.o
                0x00000000800014a4                vTaskStartScheduler
 .text.vTaskSuspendAll
                0x0000000080001540       0x26 ./build/FreeRTOS/tasks.o
                0x0000000080001540                vTaskSuspendAll
 .text.xTaskResumeAll
                0x0000000080001566      0x284 ./build/FreeRTOS/tasks.o
                0x0000000080001566                xTaskResumeAll
 .text.xTaskGetTickCount
                0x00000000800017ea       0x20 ./build/FreeRTOS/tasks.o
                0x00000000800017ea                xTaskGetTickCount
 .text.xTaskIncrementTick
                0x000000008000180a      0x31e ./build/FreeRTOS/tasks.o
                0x000000008000180a                xTaskIncrementTick
 .text.vTaskSwitchContext
                0x0000000080001b28      0x15a ./build/FreeRTOS/tasks.o
                0x0000000080001b28                vTaskSwitchContext
 .text.vTaskPlaceOnEventList
                0x0000000080001c82       0x46 ./build/FreeRTOS/tasks.o
                0x0000000080001c82                vTaskPlaceOnEventList
 .text.vTaskPlaceOnEventListRestricted
                0x0000000080001cc8       0xb6 ./build/FreeRTOS/tasks.o
                0x0000000080001cc8                vTaskPlaceOnEventListRestricted
 .text.xTaskRemoveFromEventList
                0x0000000080001d7e      0x242 ./build/FreeRTOS/tasks.o
                0x0000000080001d7e                xTaskRemoveFromEventList
 .text.vTaskInternalSetTimeOutState
                0x0000000080001fc0       0x32 ./build/FreeRTOS/tasks.o
                0x0000000080001fc0                vTaskInternalSetTimeOutState
 .text.xTaskCheckForTimeOut
                0x0000000080001ff2       0xda ./build/FreeRTOS/tasks.o
                0x0000000080001ff2                xTaskCheckForTimeOut
 .text.vTaskMissedYield
                0x00000000800020cc       0x1a ./build/FreeRTOS/tasks.o
                0x00000000800020cc                vTaskMissedYield
 .text.prvIdleTask
                0x00000000800020e6       0x12 ./build/FreeRTOS/tasks.o
 .text.prvInitialiseTaskLists
                0x00000000800020f8       0x8c ./build/FreeRTOS/tasks.o
 .text.prvCheckTasksWaitingTermination
                0x0000000080002184       0x7a ./build/FreeRTOS/tasks.o
 .text.prvDeleteTCB
                0x00000000800021fe       0x2a ./build/FreeRTOS/tasks.o
 .text.prvResetNextTaskUnblockTime
                0x0000000080002228       0x42 ./build/FreeRTOS/tasks.o
 .text.xTaskGetSchedulerState
                0x000000008000226a       0x3e ./build/FreeRTOS/tasks.o
                0x000000008000226a                xTaskGetSchedulerState
 .text.xTaskPriorityDisinherit
                0x00000000800022a8      0x19c ./build/FreeRTOS/tasks.o
                0x00000000800022a8                xTaskPriorityDisinherit
 .text.vTaskEnterCritical
                0x0000000080002444       0x38 ./build/FreeRTOS/tasks.o
                0x0000000080002444                vTaskEnterCritical
 .text.vTaskExitCritical
                0x000000008000247c       0x4a ./build/FreeRTOS/tasks.o
                0x000000008000247c                vTaskExitCritical
 .text.prvAddCurrentTaskToDelayedList
                0x00000000800024c6      0x17e ./build/FreeRTOS/tasks.o
 .text.xTimerCreateTimerTask
                0x0000000080002644       0x5c ./build/FreeRTOS/timers.o
                0x0000000080002644                xTimerCreateTimerTask
 .text.xTimerCreate
                0x00000000800026a0       0x60 ./build/FreeRTOS/timers.o
                0x00000000800026a0                xTimerCreate
 .text.prvInitialiseNewTimer
                0x0000000080002700       0x8a ./build/FreeRTOS/timers.o
 .text.xTimerGenericCommand
                0x000000008000278a       0xd4 ./build/FreeRTOS/timers.o
                0x000000008000278a                xTimerGenericCommand
 .text.prvReloadTimer
                0x000000008000285e       0x60 ./build/FreeRTOS/timers.o
 .text.prvProcessExpiredTimer
                0x00000000800028be       0x7c ./build/FreeRTOS/timers.o
 .text.prvTimerTask
                0x000000008000293a       0x2e ./build/FreeRTOS/timers.o
 .text.prvProcessTimerOrBlockTask
                0x0000000080002968       0xa8 ./build/FreeRTOS/timers.o
 .text.prvGetNextExpireTime
                0x0000000080002a10       0x50 ./build/FreeRTOS/timers.o
 .text.prvSampleTimeNow
                0x0000000080002a60       0x58 ./build/FreeRTOS/timers.o
 .text.prvInsertTimerInActiveList
                0x0000000080002ab8       0xb8 ./build/FreeRTOS/timers.o
 .text.prvProcessReceivedCommands
                0x0000000080002b70      0x1ea ./build/FreeRTOS/timers.o
 .text.prvSwitchTimerLists
                0x0000000080002d5a       0x6e ./build/FreeRTOS/timers.o
 .text.prvCheckForValidListAndQueue
                0x0000000080002dc8       0x8e ./build/FreeRTOS/timers.o
 .text.pvPortMalloc
                0x0000000080002e56      0x21e ./build/FreeRTOS/heap_4.o
                0x0000000080002e56                pvPortMalloc
 .text.vPortFree
                0x0000000080003074       0xdc ./build/FreeRTOS/heap_4.o
                0x0000000080003074                vPortFree
 .text.prvHeapInit
                0x0000000080003150      0x120 ./build/FreeRTOS/heap_4.o
 .text.prvInsertBlockIntoFreeList
                0x0000000080003270       0xfc ./build/FreeRTOS/heap_4.o
 .text.vPortSetupTimerInterrupt
                0x000000008000336c      0x104 ./build/FreeRTOS/port.o
                0x000000008000336c                vPortSetupTimerInterrupt
 .text.xPortStartScheduler
                0x0000000080003470       0x56 ./build/FreeRTOS/port.o
                0x0000000080003470                xPortStartScheduler
 *fill*         0x00000000800034c6       0x3a 
 .text          0x0000000080003500      0x370 ./build/FreeRTOS/portASM.o
                0x0000000080003500                freertos_risc_v_trap_handler
                0x0000000080003700                xPortStartFirstTask
                0x0000000080003800                pxPortInitialiseStack
 .text.__wrap_exit
                0x0000000080003870       0x62 ./build/FreeRTOS/_exit.o
                0x0000000080003870                __wrap__exit
                0x0000000080003870                __wrap_exit
 .text.__wrap_isatty
                0x00000000800038d2       0x36 ./build/FreeRTOS/isatty.o
                0x00000000800038d2                __wrap_isatty
                0x00000000800038d2                __wrap__isatty
 .text._stub    0x0000000080003908       0x16 ./build/FreeRTOS/write.o
 .text.__wrap_write
                0x000000008000391e       0x74 ./build/FreeRTOS/write.o
                0x000000008000391e                __wrap_write
                0x000000008000391e                __wrap__write
 .text.write_hex
                0x0000000080003992       0xc6 ./build/FreeRTOS/write_hex.o
                0x0000000080003992                write_hex
 .text.r_tp     0x0000000080003a58       0x18 ./build/FreeRTOS/plic.o
 .text.r_mie    0x0000000080003a70       0x1a ./build/FreeRTOS/plic.o
 .text.w_mie    0x0000000080003a8a       0x1a ./build/FreeRTOS/plic.o
 .text.plic_init
                0x0000000080003aa4       0x6c ./build/FreeRTOS/plic.o
                0x0000000080003aa4                plic_init
 .text.plic_claim
                0x0000000080003b10       0x3a ./build/FreeRTOS/plic.o
                0x0000000080003b10                plic_claim
 .text.plic_complete
                0x0000000080003b4a       0x3e ./build/FreeRTOS/plic.o
                0x0000000080003b4a                plic_complete
 .text.uart_init
                0x0000000080003b88       0x8e ./build/FreeRTOS/uart.o
                0x0000000080003b88                uart_init
 .text.uart_putc
                0x0000000080003c16       0x3c ./build/FreeRTOS/uart.o
                0x0000000080003c16                uart_putc
 .text.uart_puts
                0x0000000080003c52       0x3a ./build/FreeRTOS/uart.o
                0x0000000080003c52                uart_puts
 .text.uart_getc
                0x0000000080003c8c       0x36 ./build/FreeRTOS/uart.o
                0x0000000080003c8c                uart_getc
 .text.uart_isr
                0x0000000080003cc2       0x42 ./build/FreeRTOS/uart.o
                0x0000000080003cc2                uart_isr
 .text._vsnprintf
                0x0000000080003d04      0x430 ./build/FreeRTOS/printf.o
 .text._vprintf
                0x0000000080004134       0x80 ./build/FreeRTOS/printf.o
 .text.printf   0x00000000800041b4       0x58 ./build/FreeRTOS/printf.o
                0x00000000800041b4                printf
 .text.panic    0x000000008000420c       0x2e ./build/FreeRTOS/printf.o
                0x000000008000420c                panic
 .text.r_mhartid
                0x000000008000423a       0x1a ./build/FreeRTOS/timer.o
 .text.timer_load
                0x0000000080004254       0x56 ./build/FreeRTOS/timer.o
                0x0000000080004254                timer_load
 .text.timer_handler
                0x00000000800042aa       0x44 ./build/FreeRTOS/timer.o
                0x00000000800042aa                timer_handler
 .text.r_mhartid
                0x00000000800042ee       0x1a ./build/FreeRTOS/trap.o
 .text.external_interrupt_handler
                0x0000000080004308       0x5c ./build/FreeRTOS/trap.o
                0x0000000080004308                external_interrupt_handler
 .text.handle_trap
                0x0000000080004364       0xdc ./build/FreeRTOS/trap.o
                0x0000000080004364                handle_trap
 .text          0x0000000080004440       0x30 /usr/lib/gcc/riscv64-unknown-elf/9.3.0/rv64imafdc/lp64d/libgcc.a(_clzsi2.o)
                0x0000000080004440                __clzdi2
 .text.atexit   0x0000000080004470        0xa /usr/lib/gcc/riscv64-unknown-elf/9.3.0/libg_nano.a(lib_a-atexit.o)
                0x0000000080004470                atexit
 .text.exit     0x000000008000447a       0x28 /usr/lib/gcc/riscv64-unknown-elf/9.3.0/libg_nano.a(lib_a-exit.o)
                0x000000008000447a                exit
 .text.__libc_fini_array
                0x00000000800044a2       0x36 /usr/lib/gcc/riscv64-unknown-elf/9.3.0/libg_nano.a(lib_a-fini.o)
                0x00000000800044a2                __libc_fini_array
 .text.__libc_init_array
                0x00000000800044d8       0x5e /usr/lib/gcc/riscv64-unknown-elf/9.3.0/libg_nano.a(lib_a-init.o)
                0x00000000800044d8                __libc_init_array
 .text.memcpy   0x0000000080004536       0xdc /usr/lib/gcc/riscv64-unknown-elf/9.3.0/libg_nano.a(lib_a-memcpy.o)
                0x0000000080004536                memcpy
 .text          0x0000000080004612       0xaa /usr/lib/gcc/riscv64-unknown-elf/9.3.0/libg_nano.a(lib_a-memset.o)
                0x0000000080004612                memset
 .text.strlen   0x00000000800046bc       0x12 /usr/lib/gcc/riscv64-unknown-elf/9.3.0/libg_nano.a(lib_a-strlen.o)
                0x00000000800046bc                strlen
 .text.__register_exitproc
                0x00000000800046ce       0x7a /usr/lib/gcc/riscv64-unknown-elf/9.3.0/libg_nano.a(lib_a-__atexit.o)
                0x00000000800046ce                __register_exitproc
 .text.__call_exitprocs
                0x0000000080004748       0xc8 /usr/lib/gcc/riscv64-unknown-elf/9.3.0/libg_nano.a(lib_a-__call_atexit.o)
                0x0000000080004748                __call_exitprocs
 *(.gnu.linkonce.t.*)

.fini
 *(SORT_NONE(.fini))
                [!provide]                        PROVIDE (__etext = .)
                [!provide]                        PROVIDE (_etext = .)
                [!provide]                        PROVIDE (etext = .)

.rodata         0x0000000080004810      0x390
 *(.rdata)
 *(.rodata .rodata.*)
 .rodata        0x0000000080004810       0x12 ./build/app/main.o
 *fill*         0x0000000080004822        0x6 
 .rodata        0x0000000080004828       0x6d ./build/app/main_blinky.o
 *fill*         0x0000000080004895        0x3 
 .rodata        0x0000000080004898        0x5 ./build/FreeRTOS/tasks.o
 *fill*         0x000000008000489d        0x3 
 .rodata        0x00000000800048a0        0xd ./build/FreeRTOS/timers.o
 *fill*         0x00000000800048ad        0x3 
 .rodata.prvProcessReceivedCommands
                0x00000000800048b0       0x28 ./build/FreeRTOS/timers.o
 .rodata        0x00000000800048d8       0x26 ./build/FreeRTOS/_exit.o
 *fill*         0x00000000800048fe        0x2 
 .rodata        0x0000000080004900        0x3 ./build/FreeRTOS/write_hex.o
 *fill*         0x0000000080004903        0x1 
 .rodata._vsnprintf
                0x0000000080004904       0x58 ./build/FreeRTOS/printf.o
 *fill*         0x000000008000495c        0x4 
 .rodata        0x0000000080004960       0x32 ./build/FreeRTOS/printf.o
 *fill*         0x0000000080004992        0x6 
 .rodata        0x0000000080004998       0x1a ./build/FreeRTOS/timer.o
 *fill*         0x00000000800049b2        0x6 
 .rodata        0x00000000800049b8       0xe2 ./build/FreeRTOS/trap.o
 *fill*         0x0000000080004a9a        0x6 
 .rodata        0x0000000080004aa0      0x100 /usr/lib/gcc/riscv64-unknown-elf/9.3.0/rv64imafdc/lp64d/libgcc.a(_clz.o)
                0x0000000080004aa0                __clz_tab
 *(.gnu.linkonce.r.*)

.sdata2.xISRStackTop
                0x0000000080004ba0        0x8
 .sdata2.xISRStackTop
                0x0000000080004ba0        0x8 ./build/FreeRTOS/port.o
                0x0000000080004ba0                xISRStackTop

.sdata2.uxTimerIncrementsForOneTick
                0x0000000080004ba8        0x8
 .sdata2.uxTimerIncrementsForOneTick
                0x0000000080004ba8        0x8 ./build/FreeRTOS/port.o
                0x0000000080004ba8                uxTimerIncrementsForOneTick

.rela.dyn       0x0000000080004bb0        0x0
 .rela.text.vQueueAddToRegistry
                0x0000000080004bb0        0x0 ./build/app/main.o
 .rela.sdata2.xISRStackTop
                0x0000000080004bb0        0x0 ./build/app/main.o
 .rela.text.xPortStartScheduler
                0x0000000080004bb0        0x0 ./build/app/main.o
 .rela.init     0x0000000080004bb0        0x0 ./build/app/main.o
 .rela.text.exit
                0x0000000080004bb0        0x0 ./build/app/main.o
 .rela.text.__libc_fini_array
                0x0000000080004bb0        0x0 ./build/app/main.o
 .rela.data.impure_data
                0x0000000080004bb0        0x0 ./build/app/main.o
 .rela.text.__libc_init_array
                0x0000000080004bb0        0x0 ./build/app/main.o
 .rela.text.__register_exitproc
                0x0000000080004bb0        0x0 ./build/app/main.o
                0x0000000080004bb0                . = ALIGN (0x4)

.preinit_array  0x0000000080004bb0        0x0
                0x0000000080004bb0                PROVIDE (__preinit_array_start = .)
 *(.preinit_array)
                0x0000000080004bb0                PROVIDE (__preinit_array_end = .)

.init_array     0x0000000080004bb0        0x0
                0x0000000080004bb0                PROVIDE (__init_array_start = .)
 *(SORT_BY_INIT_PRIORITY(.init_array.*) SORT_BY_INIT_PRIORITY(.ctors.*))
 *(.init_array EXCLUDE_FILE(*crtend?.o *crtend.o *crtbegin?.o *crtbegin.o) .ctors)
                0x0000000080004bb0                PROVIDE (__init_array_end = .)

.fini_array     0x0000000080004bb0        0x0
                0x0000000080004bb0                PROVIDE (__fini_array_start = .)
 *(SORT_BY_INIT_PRIORITY(.fini_array.*) SORT_BY_INIT_PRIORITY(.dtors.*))
 *(.fini_array EXCLUDE_FILE(*crtend?.o *crtend.o *crtbegin?.o *crtbegin.o) .dtors)
                0x0000000080004bb0                PROVIDE (__fini_array_end = .)

.ctors
 *crtbegin.o(.ctors)
 *crtbegin?.o(.ctors)
 *(EXCLUDE_FILE(*crtend?.o *crtend.o) .ctors)
 *(SORT_BY_NAME(.ctors.*))
 *(.ctors)

.dtors
 *crtbegin.o(.dtors)
 *crtbegin?.o(.dtors)
 *(EXCLUDE_FILE(*crtend?.o *crtend.o) .dtors)
 *(SORT_BY_NAME(.dtors.*))
 *(.dtors)

.lalign         0x0000000080004bb0        0x0
                0x0000000080004bb0                . = ALIGN (0x4)
                0x0000000080004bb0                PROVIDE (_data_lma = .)

.dalign         0x0000000080020000        0x0 load address 0x0000000080004bb0
                0x0000000080020000                . = ALIGN (0x4)
                0x0000000080020000                PROVIDE (_data = .)

.data           0x0000000080020000       0xc8 load address 0x0000000080004bb0
 *(.data .data.*)
 .data.impure_data
                0x0000000080020000       0xb0 /usr/lib/gcc/riscv64-unknown-elf/9.3.0/libg_nano.a(lib_a-impure.o)
 *(.gnu.linkonce.d.*)
                0x00000000800200b0                . = ALIGN (0x8)
                0x00000000800208b0                PROVIDE (__global_pointer$ = (. + 0x800))
 *(.sdata .sdata.*)
 .sdata.uxTopUsedPriority
                0x00000000800200b0        0x8 ./build/FreeRTOS/tasks.o
                0x00000000800200b0                uxTopUsedPriority
 .sdata.pullNextTime
                0x00000000800200b8        0x8 ./build/FreeRTOS/port.o
                0x00000000800200b8                pullNextTime
 *(.gnu.linkonce.s.*)
                0x00000000800200c0                . = ALIGN (0x8)
 *(.srodata.cst16)
 *(.srodata.cst8)
 *(.srodata.cst4)
 *(.srodata.cst2)
 *(.srodata .srodata.*)
 .srodata._global_impure_ptr
                0x00000000800200c0        0x8 /usr/lib/gcc/riscv64-unknown-elf/9.3.0/libg_nano.a(lib_a-impure.o)
                0x00000000800200c0                _global_impure_ptr
                0x00000000800200c8                . = ALIGN (0x4)
                0x00000000800200c8                PROVIDE (_edata = .)
                [!provide]                        PROVIDE (edata = .)
                [!provide]                        PROVIDE (_fbss = .)
                0x00000000800200c8                PROVIDE (__bss_start = .)

.bss            0x00000000800200c8     0x7c60
 *(.sbss*)
 .sbss.xQueue   0x00000000800200c8        0x8 ./build/app/main_blinky.o
 .sbss.cnt.3134
                0x00000000800200d0        0x4 ./build/app/main_blinky.o
 *fill*         0x00000000800200d4        0x4 
 .sbss.pxCurrentTCB
                0x00000000800200d8        0x8 ./build/FreeRTOS/tasks.o
                0x00000000800200d8                pxCurrentTCB
 .sbss.pxDelayedTaskList
                0x00000000800200e0        0x8 ./build/FreeRTOS/tasks.o
 .sbss.pxOverflowDelayedTaskList
                0x00000000800200e8        0x8 ./build/FreeRTOS/tasks.o
 .sbss.uxDeletedTasksWaitingCleanUp
                0x00000000800200f0        0x8 ./build/FreeRTOS/tasks.o
 .sbss.uxCurrentNumberOfTasks
                0x00000000800200f8        0x8 ./build/FreeRTOS/tasks.o
 .sbss.xTickCount
                0x0000000080020100        0x8 ./build/FreeRTOS/tasks.o
 .sbss.uxTopReadyPriority
                0x0000000080020108        0x8 ./build/FreeRTOS/tasks.o
 .sbss.xSchedulerRunning
                0x0000000080020110        0x8 ./build/FreeRTOS/tasks.o
 .sbss.xPendedTicks
                0x0000000080020118        0x8 ./build/FreeRTOS/tasks.o
 .sbss.xYieldPending
                0x0000000080020120        0x8 ./build/FreeRTOS/tasks.o
 .sbss.xNumOfOverflows
                0x0000000080020128        0x8 ./build/FreeRTOS/tasks.o
 .sbss.uxTaskNumber
                0x0000000080020130        0x8 ./build/FreeRTOS/tasks.o
 .sbss.xNextTaskUnblockTime
                0x0000000080020138        0x8 ./build/FreeRTOS/tasks.o
 .sbss.xIdleTaskHandle
                0x0000000080020140        0x8 ./build/FreeRTOS/tasks.o
 .sbss.uxSchedulerSuspended
                0x0000000080020148        0x8 ./build/FreeRTOS/tasks.o
 .sbss.pxCurrentTimerList
                0x0000000080020150        0x8 ./build/FreeRTOS/timers.o
 .sbss.pxOverflowTimerList
                0x0000000080020158        0x8 ./build/FreeRTOS/timers.o
 .sbss.xTimerQueue
                0x0000000080020160        0x8 ./build/FreeRTOS/timers.o
 .sbss.xTimerTaskHandle
                0x0000000080020168        0x8 ./build/FreeRTOS/timers.o
 .sbss.xLastTime.2322
                0x0000000080020170        0x8 ./build/FreeRTOS/timers.o
 .sbss.pxEnd    0x0000000080020178        0x8 ./build/FreeRTOS/heap_4.o
 .sbss.xFreeBytesRemaining
                0x0000000080020180        0x8 ./build/FreeRTOS/heap_4.o
 .sbss.xMinimumEverFreeBytesRemaining
                0x0000000080020188        0x8 ./build/FreeRTOS/heap_4.o
 .sbss.xNumberOfSuccessfulAllocations
                0x0000000080020190        0x8 ./build/FreeRTOS/heap_4.o
 .sbss.xNumberOfSuccessfulFrees
                0x0000000080020198        0x8 ./build/FreeRTOS/heap_4.o
 .sbss.xBlockAllocatedBit
                0x00000000800201a0        0x8 ./build/FreeRTOS/heap_4.o
 .sbss.ullNextTime
                0x00000000800201a8        0x8 ./build/FreeRTOS/port.o
                0x00000000800201a8                ullNextTime
 .sbss.pullMachineTimerCompareRegister
                0x00000000800201b0        0x8 ./build/FreeRTOS/port.o
                0x00000000800201b0                pullMachineTimerCompareRegister
 .sbss._tick    0x00000000800201b8        0x4 ./build/FreeRTOS/timer.o
 *fill*         0x00000000800201bc        0x4 
 .sbss._global_atexit
                0x00000000800201c0        0x8 /usr/lib/gcc/riscv64-unknown-elf/9.3.0/libg_nano.a(lib_a-__call_atexit.o)
                0x00000000800201c0                _global_atexit
 *(.gnu.linkonce.sb.*)
 *(.bss .bss.*)
 .bss.pxReadyTasksLists
                0x00000000800201c8      0x118 ./build/FreeRTOS/tasks.o
 .bss.xDelayedTaskList1
                0x00000000800202e0       0x28 ./build/FreeRTOS/tasks.o
 .bss.xDelayedTaskList2
                0x0000000080020308       0x28 ./build/FreeRTOS/tasks.o
 .bss.xPendingReadyList
                0x0000000080020330       0x28 ./build/FreeRTOS/tasks.o
 .bss.xTasksWaitingTermination
                0x0000000080020358       0x28 ./build/FreeRTOS/tasks.o
 .bss.xSuspendedTaskList
                0x0000000080020380       0x28 ./build/FreeRTOS/tasks.o
 .bss.xActiveTimerList1
                0x00000000800203a8       0x28 ./build/FreeRTOS/timers.o
 .bss.xActiveTimerList2
                0x00000000800203d0       0x28 ./build/FreeRTOS/timers.o
 .bss.ucHeap    0x00000000800203f8     0x73a0 ./build/FreeRTOS/heap_4.o
 .bss.xStart    0x0000000080027798       0x10 ./build/FreeRTOS/heap_4.o
 .bss.out_buf   0x00000000800277a8      0x3e8 ./build/FreeRTOS/printf.o
 .bss._global_atexit0
                0x0000000080027b90      0x118 /usr/lib/gcc/riscv64-unknown-elf/9.3.0/libg_nano.a(lib_a-__atexit.o)
 *(.gnu.linkonce.b.*)
 *(COMMON)
 COMMON         0x0000000080027ca8       0x80 ./build/FreeRTOS/queue.o
                0x0000000080027ca8                xQueueRegistry
                0x0000000080027d28                . = ALIGN (0x4)
                0x0000000080027d28                . = ALIGN (0x8)
                0x0000000080027d28                PROVIDE (_end = .)
                [!provide]                        PROVIDE (end = .)

.stack          0x000000008002fc00      0x400 load address 0x0000000080027d28
                0x000000008002fc00                PROVIDE (_heap_end = .)
                0x0000000000000400                . = __stack_size
 *fill*         0x000000008002fc00      0x400 
                0x0000000080030000                PROVIDE (_sp = .)
                0x0000000080030000                __freertos_irq_stack_top = .
OUTPUT(build/FreeRTOS-simple.elf elf64-littleriscv)

.debug_info     0x0000000000000000     0xa57b
 .debug_info    0x0000000000000000      0x18f ./build/app/main.o
 .debug_info    0x000000000000018f      0xb5d ./build/app/main_blinky.o
 .debug_info    0x0000000000000cec      0xb9b ./build/FreeRTOS/list.o
 .debug_info    0x0000000000001887     0x1a9a ./build/FreeRTOS/queue.o
 .debug_info    0x0000000000003321     0x26c2 ./build/FreeRTOS/tasks.o
 .debug_info    0x00000000000059e3     0x15e4 ./build/FreeRTOS/timers.o
 .debug_info    0x0000000000006fc7      0xd48 ./build/FreeRTOS/heap_4.o
 .debug_info    0x0000000000007d0f      0xb1b ./build/FreeRTOS/port.o
 .debug_info    0x000000000000882a       0x2e ./build/FreeRTOS/portASM.o
 .debug_info    0x0000000000008858      0x134 ./build/FreeRTOS/_exit.o
 .debug_info    0x000000000000898c       0xfc ./build/FreeRTOS/isatty.o
 .debug_info    0x0000000000008a88      0xa7f ./build/FreeRTOS/write.o
 .debug_info    0x0000000000009507      0x15f ./build/FreeRTOS/write_hex.o
 .debug_info    0x0000000000009666      0x1cc ./build/FreeRTOS/plic.o
 .debug_info    0x0000000000009832      0x173 ./build/FreeRTOS/uart.o
 .debug_info    0x00000000000099a5      0x33c ./build/FreeRTOS/printf.o
 .debug_info    0x0000000000009ce1      0x1a6 ./build/FreeRTOS/timer.o
 .debug_info    0x0000000000009e87      0x1d1 ./build/FreeRTOS/trap.o
 .debug_info    0x000000000000a058       0x2e ./build/FreeRTOS/start.o
 .debug_info    0x000000000000a086      0x2b7 /usr/lib/gcc/riscv64-unknown-elf/9.3.0/rv64imafdc/lp64d/libgcc.a(_clzsi2.o)
 .debug_info    0x000000000000a33d      0x23e /usr/lib/gcc/riscv64-unknown-elf/9.3.0/rv64imafdc/lp64d/libgcc.a(_clz.o)

.debug_abbrev   0x0000000000000000     0x1ef1
 .debug_abbrev  0x0000000000000000       0xe1 ./build/app/main.o
 .debug_abbrev  0x00000000000000e1      0x22e ./build/app/main_blinky.o
 .debug_abbrev  0x000000000000030f      0x244 ./build/FreeRTOS/list.o
 .debug_abbrev  0x0000000000000553      0x2d5 ./build/FreeRTOS/queue.o
 .debug_abbrev  0x0000000000000828      0x372 ./build/FreeRTOS/tasks.o
 .debug_abbrev  0x0000000000000b9a      0x2e6 ./build/FreeRTOS/timers.o
 .debug_abbrev  0x0000000000000e80      0x2da ./build/FreeRTOS/heap_4.o
 .debug_abbrev  0x000000000000115a      0x267 ./build/FreeRTOS/port.o
 .debug_abbrev  0x00000000000013c1       0x14 ./build/FreeRTOS/portASM.o
 .debug_abbrev  0x00000000000013d5       0xb8 ./build/FreeRTOS/_exit.o
 .debug_abbrev  0x000000000000148d       0x76 ./build/FreeRTOS/isatty.o
 .debug_abbrev  0x0000000000001503      0x245 ./build/FreeRTOS/write.o
 .debug_abbrev  0x0000000000001748       0xae ./build/FreeRTOS/write_hex.o
 .debug_abbrev  0x00000000000017f6       0xf5 ./build/FreeRTOS/plic.o
 .debug_abbrev  0x00000000000018eb       0xde ./build/FreeRTOS/uart.o
 .debug_abbrev  0x00000000000019c9      0x123 ./build/FreeRTOS/printf.o
 .debug_abbrev  0x0000000000001aec      0x100 ./build/FreeRTOS/timer.o
 .debug_abbrev  0x0000000000001bec      0x10b ./build/FreeRTOS/trap.o
 .debug_abbrev  0x0000000000001cf7       0x14 ./build/FreeRTOS/start.o
 .debug_abbrev  0x0000000000001d0b      0x120 /usr/lib/gcc/riscv64-unknown-elf/9.3.0/rv64imafdc/lp64d/libgcc.a(_clzsi2.o)
 .debug_abbrev  0x0000000000001e2b       0xc6 /usr/lib/gcc/riscv64-unknown-elf/9.3.0/rv64imafdc/lp64d/libgcc.a(_clz.o)

.debug_aranges  0x0000000000000000      0xd90
 .debug_aranges
                0x0000000000000000       0x80 ./build/app/main.o
 .debug_aranges
                0x0000000000000080       0x60 ./build/app/main_blinky.o
 .debug_aranges
                0x00000000000000e0       0x70 ./build/FreeRTOS/list.o
 .debug_aranges
                0x0000000000000150      0x220 ./build/FreeRTOS/queue.o
 .debug_aranges
                0x0000000000000370      0x3a0 ./build/FreeRTOS/tasks.o
 .debug_aranges
                0x0000000000000710      0x1c0 ./build/FreeRTOS/timers.o
 .debug_aranges
                0x00000000000008d0       0xa0 ./build/FreeRTOS/heap_4.o
 .debug_aranges
                0x0000000000000970       0x50 ./build/FreeRTOS/port.o
 .debug_aranges
                0x00000000000009c0       0x30 ./build/FreeRTOS/portASM.o
 .debug_aranges
                0x00000000000009f0       0x30 ./build/FreeRTOS/_exit.o
 .debug_aranges
                0x0000000000000a20       0x30 ./build/FreeRTOS/isatty.o
 .debug_aranges
                0x0000000000000a50       0x40 ./build/FreeRTOS/write.o
 .debug_aranges
                0x0000000000000a90       0x30 ./build/FreeRTOS/write_hex.o
 .debug_aranges
                0x0000000000000ac0       0x80 ./build/FreeRTOS/plic.o
 .debug_aranges
                0x0000000000000b40       0x70 ./build/FreeRTOS/uart.o
 .debug_aranges
                0x0000000000000bb0       0x60 ./build/FreeRTOS/printf.o
 .debug_aranges
                0x0000000000000c10       0x80 ./build/FreeRTOS/timer.o
 .debug_aranges
                0x0000000000000c90       0x80 ./build/FreeRTOS/trap.o
 .debug_aranges
                0x0000000000000d10       0x30 ./build/FreeRTOS/start.o
 .debug_aranges
                0x0000000000000d40       0x30 /usr/lib/gcc/riscv64-unknown-elf/9.3.0/rv64imafdc/lp64d/libgcc.a(_clzsi2.o)
 .debug_aranges
                0x0000000000000d70       0x20 /usr/lib/gcc/riscv64-unknown-elf/9.3.0/rv64imafdc/lp64d/libgcc.a(_clz.o)

.debug_ranges   0x0000000000000000      0xc30
 .debug_ranges  0x0000000000000000       0x70 ./build/app/main.o
 .debug_ranges  0x0000000000000070       0x50 ./build/app/main_blinky.o
 .debug_ranges  0x00000000000000c0       0x60 ./build/FreeRTOS/list.o
 .debug_ranges  0x0000000000000120      0x210 ./build/FreeRTOS/queue.o
 .debug_ranges  0x0000000000000330      0x390 ./build/FreeRTOS/tasks.o
 .debug_ranges  0x00000000000006c0      0x1b0 ./build/FreeRTOS/timers.o
 .debug_ranges  0x0000000000000870       0x90 ./build/FreeRTOS/heap_4.o
 .debug_ranges  0x0000000000000900       0x40 ./build/FreeRTOS/port.o
 .debug_ranges  0x0000000000000940       0x20 ./build/FreeRTOS/_exit.o
 .debug_ranges  0x0000000000000960       0x20 ./build/FreeRTOS/isatty.o
 .debug_ranges  0x0000000000000980       0x30 ./build/FreeRTOS/write.o
 .debug_ranges  0x00000000000009b0       0x20 ./build/FreeRTOS/write_hex.o
 .debug_ranges  0x00000000000009d0       0x70 ./build/FreeRTOS/plic.o
 .debug_ranges  0x0000000000000a40       0x90 ./build/FreeRTOS/uart.o
 .debug_ranges  0x0000000000000ad0       0x50 ./build/FreeRTOS/printf.o
 .debug_ranges  0x0000000000000b20       0x70 ./build/FreeRTOS/timer.o
 .debug_ranges  0x0000000000000b90       0x70 ./build/FreeRTOS/trap.o
 .debug_ranges  0x0000000000000c00       0x30 /usr/lib/gcc/riscv64-unknown-elf/9.3.0/rv64imafdc/lp64d/libgcc.a(_clzsi2.o)

.debug_macro    0x0000000000000000     0x4562
 .debug_macro   0x0000000000000000      0x144 ./build/app/main.o
 .debug_macro   0x0000000000000144      0x7ba ./build/app/main.o
 .debug_macro   0x00000000000008fe       0x22 ./build/app/main.o
 .debug_macro   0x0000000000000920       0x8e ./build/app/main.o
 .debug_macro   0x00000000000009ae       0x51 ./build/app/main.o
 .debug_macro   0x00000000000009ff      0x174 ./build/app/main.o
 .debug_macro   0x0000000000000b73      0x347 ./build/app/main.o
 .debug_macro   0x0000000000000eba      0x34e ./build/app/main.o
 .debug_macro   0x0000000000001208       0x22 ./build/app/main.o
 .debug_macro   0x000000000000122a       0x28 ./build/app/main.o
 .debug_macro   0x0000000000001252       0x16 ./build/app/main.o
 .debug_macro   0x0000000000001268      0x140 ./build/app/main.o
 .debug_macro   0x00000000000013a8      0x15a ./build/app/main.o
 .debug_macro   0x0000000000001502       0xe5 ./build/app/main.o
 .debug_macro   0x00000000000015e7       0x28 ./build/app/main.o
 .debug_macro   0x000000000000160f       0x1f ./build/app/main.o
 .debug_macro   0x000000000000162e       0x12 ./build/app/main.o
 .debug_macro   0x0000000000001640      0x504 ./build/app/main.o
 .debug_macro   0x0000000000001b44       0xc3 ./build/app/main.o
 .debug_macro   0x0000000000001c07      0x120 ./build/app/main.o
 .debug_macro   0x0000000000001d27       0x46 ./build/app/main.o
 .debug_macro   0x0000000000001d6d       0x64 ./build/app/main.o
 .debug_macro   0x0000000000001dd1       0x58 ./build/app/main.o
 .debug_macro   0x0000000000001e29      0x2d9 ./build/app/main_blinky.o
 .debug_macro   0x0000000000002102       0x58 ./build/app/main_blinky.o
 .debug_macro   0x000000000000215a       0x20 ./build/app/main_blinky.o
 .debug_macro   0x000000000000217a       0x34 ./build/app/main_blinky.o
 .debug_macro   0x00000000000021ae       0x34 ./build/app/main_blinky.o
 .debug_macro   0x00000000000021e2       0x16 ./build/app/main_blinky.o
 .debug_macro   0x00000000000021f8       0x35 ./build/app/main_blinky.o
 .debug_macro   0x000000000000222d       0x10 ./build/app/main_blinky.o
 .debug_macro   0x000000000000223d       0x16 ./build/app/main_blinky.o
 .debug_macro   0x0000000000002253       0x43 ./build/app/main_blinky.o
 .debug_macro   0x0000000000002296       0x34 ./build/app/main_blinky.o
 .debug_macro   0x00000000000022ca       0x10 ./build/app/main_blinky.o
 .debug_macro   0x00000000000022da       0x52 ./build/app/main_blinky.o
 .debug_macro   0x000000000000232c      0x182 ./build/app/main_blinky.o
 .debug_macro   0x00000000000024ae       0x10 ./build/app/main_blinky.o
 .debug_macro   0x00000000000024be       0x6a ./build/app/main_blinky.o
 .debug_macro   0x0000000000002528       0x1c ./build/app/main_blinky.o
 .debug_macro   0x0000000000002544       0x52 ./build/app/main_blinky.o
 .debug_macro   0x0000000000002596       0x22 ./build/app/main_blinky.o
 .debug_macro   0x00000000000025b8       0x10 ./build/app/main_blinky.o
 .debug_macro   0x00000000000025c8       0x52 ./build/app/main_blinky.o
 .debug_macro   0x000000000000261a       0xd5 ./build/app/main_blinky.o
 .debug_macro   0x00000000000026ef       0x1c ./build/app/main_blinky.o
 .debug_macro   0x000000000000270b       0x3d ./build/app/main_blinky.o
 .debug_macro   0x0000000000002748       0x16 ./build/app/main_blinky.o
 .debug_macro   0x000000000000275e      0x16f ./build/app/main_blinky.o
 .debug_macro   0x00000000000028cd       0x16 ./build/app/main_blinky.o
 .debug_macro   0x00000000000028e3       0x16 ./build/app/main_blinky.o
 .debug_macro   0x00000000000028f9      0x51a ./build/app/main_blinky.o
 .debug_macro   0x0000000000002e13       0x80 ./build/app/main_blinky.o
 .debug_macro   0x0000000000002e93       0x97 ./build/app/main_blinky.o
 .debug_macro   0x0000000000002f2a      0x1a8 ./build/FreeRTOS/list.o
 .debug_macro   0x00000000000030d2      0x232 ./build/FreeRTOS/queue.o
 .debug_macro   0x0000000000003304      0x28f ./build/FreeRTOS/tasks.o
 .debug_macro   0x0000000000003593       0x16 ./build/FreeRTOS/tasks.o
 .debug_macro   0x00000000000035a9      0x1f7 ./build/FreeRTOS/timers.o
 .debug_macro   0x00000000000037a0      0x1c3 ./build/FreeRTOS/heap_4.o
 .debug_macro   0x0000000000003963      0x1be ./build/FreeRTOS/port.o
 .debug_macro   0x0000000000003b21      0x199 ./build/FreeRTOS/_exit.o
 .debug_macro   0x0000000000003cba       0x10 ./build/FreeRTOS/_exit.o
 .debug_macro   0x0000000000003cca       0x10 ./build/FreeRTOS/_exit.o
 .debug_macro   0x0000000000003cda      0x15b ./build/FreeRTOS/isatty.o
 .debug_macro   0x0000000000003e35      0x1db ./build/FreeRTOS/write.o
 .debug_macro   0x0000000000004010      0x190 ./build/FreeRTOS/write_hex.o
 .debug_macro   0x00000000000041a0       0xaa ./build/FreeRTOS/plic.o
 .debug_macro   0x000000000000424a      0x114 ./build/FreeRTOS/uart.o
 .debug_macro   0x000000000000435e       0xaa ./build/FreeRTOS/printf.o
 .debug_macro   0x0000000000004408       0xb0 ./build/FreeRTOS/timer.o
 .debug_macro   0x00000000000044b8       0xaa ./build/FreeRTOS/trap.o

.debug_line     0x0000000000000000     0x973d
 .debug_line    0x0000000000000000      0x385 ./build/app/main.o
 .debug_line    0x0000000000000385      0x525 ./build/app/main_blinky.o
 .debug_line    0x00000000000008aa      0x500 ./build/FreeRTOS/list.o
 .debug_line    0x0000000000000daa     0x1df1 ./build/FreeRTOS/queue.o
 .debug_line    0x0000000000002b9b     0x281d ./build/FreeRTOS/tasks.o
 .debug_line    0x00000000000053b8      0xe54 ./build/FreeRTOS/timers.o
 .debug_line    0x000000000000620c      0x9c2 ./build/FreeRTOS/heap_4.o
 .debug_line    0x0000000000006bce      0x446 ./build/FreeRTOS/port.o
 .debug_line    0x0000000000007014      0x43a ./build/FreeRTOS/portASM.o
 .debug_line    0x000000000000744e      0x2cc ./build/FreeRTOS/_exit.o
 .debug_line    0x000000000000771a      0x279 ./build/FreeRTOS/isatty.o
 .debug_line    0x0000000000007993      0x373 ./build/FreeRTOS/write.o
 .debug_line    0x0000000000007d06      0x337 ./build/FreeRTOS/write_hex.o
 .debug_line    0x000000000000803d      0x31d ./build/FreeRTOS/plic.o
 .debug_line    0x000000000000835a      0x329 ./build/FreeRTOS/uart.o
 .debug_line    0x0000000000008683      0x713 ./build/FreeRTOS/printf.o
 .debug_line    0x0000000000008d96      0x2dd ./build/FreeRTOS/timer.o
 .debug_line    0x0000000000009073      0x35a ./build/FreeRTOS/trap.o
 .debug_line    0x00000000000093cd      0x124 ./build/FreeRTOS/start.o
 .debug_line    0x00000000000094f1      0x171 /usr/lib/gcc/riscv64-unknown-elf/9.3.0/rv64imafdc/lp64d/libgcc.a(_clzsi2.o)
 .debug_line    0x0000000000009662       0xdb /usr/lib/gcc/riscv64-unknown-elf/9.3.0/rv64imafdc/lp64d/libgcc.a(_clz.o)

.debug_str      0x0000000000000000    0x11a8d
 .debug_str     0x0000000000000000     0x9ede ./build/app/main.o
                                       0xa0e0 (size before relaxing)
 .debug_str     0x0000000000009ede     0x4836 ./build/app/main_blinky.o
                                       0xe4c2 (size before relaxing)
 .debug_str     0x000000000000e714      0x254 ./build/FreeRTOS/list.o
                                       0xa216 (size before relaxing)
 .debug_str     0x000000000000e968      0x81a ./build/FreeRTOS/queue.o
                                       0xc3f2 (size before relaxing)
 .debug_str     0x000000000000f182     0x1446 ./build/FreeRTOS/tasks.o
                                       0xd15e (size before relaxing)
 .debug_str     0x00000000000105c8      0x5c2 ./build/FreeRTOS/timers.o
                                       0xc970 (size before relaxing)
 .debug_str     0x0000000000010b8a      0x307 ./build/FreeRTOS/heap_4.o
                                       0xb685 (size before relaxing)
 .debug_str     0x0000000000010e91      0x191 ./build/FreeRTOS/port.o
                                       0xb3f1 (size before relaxing)
 .debug_str     0x0000000000011022       0x38 ./build/FreeRTOS/portASM.o
                                         0x7b (size before relaxing)
 .debug_str     0x000000000001105a       0xd4 ./build/FreeRTOS/_exit.o
                                       0x6bfc (size before relaxing)
 .debug_str     0x000000000001112e       0x2d ./build/FreeRTOS/isatty.o
                                       0x606f (size before relaxing)
 .debug_str     0x000000000001115b      0x34b ./build/FreeRTOS/write.o
                                       0x8331 (size before relaxing)
 .debug_str     0x00000000000114a6       0x31 ./build/FreeRTOS/write_hex.o
                                       0x6b66 (size before relaxing)
 .debug_str     0x00000000000114d7       0x46 ./build/FreeRTOS/plic.o
                                       0x5039 (size before relaxing)
 .debug_str     0x000000000001151d      0x13c ./build/FreeRTOS/uart.o
                                       0x5120 (size before relaxing)
 .debug_str     0x0000000000011659       0x60 ./build/FreeRTOS/printf.o
                                       0x5068 (size before relaxing)
 .debug_str     0x00000000000116b9       0x67 ./build/FreeRTOS/timer.o
                                       0x5062 (size before relaxing)
 .debug_str     0x0000000000011720       0x6f ./build/FreeRTOS/trap.o
                                       0x5068 (size before relaxing)
 .debug_str     0x000000000001178f       0x12 ./build/FreeRTOS/start.o
                                         0x61 (size before relaxing)
 .debug_str     0x00000000000117a1      0x2ec /usr/lib/gcc/riscv64-unknown-elf/9.3.0/rv64imafdc/lp64d/libgcc.a(_clzsi2.o)
                                        0x37e (size before relaxing)
 .debug_str     0x0000000000011a8d      0x361 /usr/lib/gcc/riscv64-unknown-elf/9.3.0/rv64imafdc/lp64d/libgcc.a(_clz.o)

.comment        0x0000000000000000       0x3e
 .comment       0x0000000000000000        0xe ./build/app/main.o
                                          0xf (size before relaxing)
 .comment       0x000000000000000e        0xf ./build/app/main_blinky.o
 .comment       0x000000000000000e        0xf ./build/FreeRTOS/list.o
 .comment       0x000000000000000e        0xf ./build/FreeRTOS/queue.o
 .comment       0x000000000000000e        0xf ./build/FreeRTOS/tasks.o
 .comment       0x000000000000000e        0xf ./build/FreeRTOS/timers.o
 .comment       0x000000000000000e        0xf ./build/FreeRTOS/heap_4.o
 .comment       0x000000000000000e        0xf ./build/FreeRTOS/port.o
 .comment       0x000000000000000e        0xf ./build/FreeRTOS/_exit.o
 .comment       0x000000000000000e        0xf ./build/FreeRTOS/isatty.o
 .comment       0x000000000000000e        0xf ./build/FreeRTOS/write.o
 .comment       0x000000000000000e        0xf ./build/FreeRTOS/write_hex.o
 .comment       0x000000000000000e        0xf ./build/FreeRTOS/plic.o
 .comment       0x000000000000000e        0xf ./build/FreeRTOS/uart.o
 .comment       0x000000000000000e        0xf ./build/FreeRTOS/printf.o
 .comment       0x000000000000000e        0xf ./build/FreeRTOS/timer.o
 .comment       0x000000000000000e        0xf ./build/FreeRTOS/trap.o
 .comment       0x000000000000000e        0xf /usr/lib/gcc/riscv64-unknown-elf/9.3.0/rv64imafdc/lp64d/libgcc.a(_clzsi2.o)
 .comment       0x000000000000000e        0xf /usr/lib/gcc/riscv64-unknown-elf/9.3.0/rv64imafdc/lp64d/libgcc.a(_clz.o)
 .comment       0x000000000000000e       0x30 /usr/lib/gcc/riscv64-unknown-elf/9.3.0/libg_nano.a(lib_a-atexit.o)
                                         0x31 (size before relaxing)
 .comment       0x000000000000003e       0x31 /usr/lib/gcc/riscv64-unknown-elf/9.3.0/libg_nano.a(lib_a-exit.o)
 .comment       0x000000000000003e       0x31 /usr/lib/gcc/riscv64-unknown-elf/9.3.0/libg_nano.a(lib_a-fini.o)
 .comment       0x000000000000003e       0x31 /usr/lib/gcc/riscv64-unknown-elf/9.3.0/libg_nano.a(lib_a-impure.o)
 .comment       0x000000000000003e       0x31 /usr/lib/gcc/riscv64-unknown-elf/9.3.0/libg_nano.a(lib_a-init.o)
 .comment       0x000000000000003e       0x31 /usr/lib/gcc/riscv64-unknown-elf/9.3.0/libg_nano.a(lib_a-memcpy.o)
 .comment       0x000000000000003e       0x31 /usr/lib/gcc/riscv64-unknown-elf/9.3.0/libg_nano.a(lib_a-strlen.o)
 .comment       0x000000000000003e       0x31 /usr/lib/gcc/riscv64-unknown-elf/9.3.0/libg_nano.a(lib_a-__atexit.o)
 .comment       0x000000000000003e       0x31 /usr/lib/gcc/riscv64-unknown-elf/9.3.0/libg_nano.a(lib_a-__call_atexit.o)

.riscv.attributes
                0x0000000000000000       0x35
 .riscv.attributes
                0x0000000000000000       0x35 ./build/app/main.o
 .riscv.attributes
                0x0000000000000035       0x35 ./build/app/main_blinky.o
 .riscv.attributes
                0x000000000000006a       0x35 ./build/FreeRTOS/list.o
 .riscv.attributes
                0x000000000000009f       0x35 ./build/FreeRTOS/queue.o
 .riscv.attributes
                0x00000000000000d4       0x35 ./build/FreeRTOS/tasks.o
 .riscv.attributes
                0x0000000000000109       0x35 ./build/FreeRTOS/timers.o
 .riscv.attributes
                0x000000000000013e       0x35 ./build/FreeRTOS/heap_4.o
 .riscv.attributes
                0x0000000000000173       0x35 ./build/FreeRTOS/port.o
 .riscv.attributes
                0x00000000000001a8       0x33 ./build/FreeRTOS/portASM.o
 .riscv.attributes
                0x00000000000001db       0x35 ./build/FreeRTOS/_exit.o
 .riscv.attributes
                0x0000000000000210       0x35 ./build/FreeRTOS/isatty.o
 .riscv.attributes
                0x0000000000000245       0x35 ./build/FreeRTOS/write.o
 .riscv.attributes
                0x000000000000027a       0x35 ./build/FreeRTOS/write_hex.o
 .riscv.attributes
                0x00000000000002af       0x35 ./build/FreeRTOS/plic.o
 .riscv.attributes
                0x00000000000002e4       0x35 ./build/FreeRTOS/uart.o
 .riscv.attributes
                0x0000000000000319       0x35 ./build/FreeRTOS/printf.o
 .riscv.attributes
                0x000000000000034e       0x35 ./build/FreeRTOS/timer.o
 .riscv.attributes
                0x0000000000000383       0x35 ./build/FreeRTOS/trap.o
 .riscv.attributes
                0x00000000000003b8       0x33 ./build/FreeRTOS/start.o
 .riscv.attributes
                0x00000000000003eb       0x35 /usr/lib/gcc/riscv64-unknown-elf/9.3.0/rv64imafdc/lp64d/libgcc.a(_clzsi2.o)
 .riscv.attributes
                0x0000000000000420       0x35 /usr/lib/gcc/riscv64-unknown-elf/9.3.0/rv64imafdc/lp64d/libgcc.a(_clz.o)
 .riscv.attributes
                0x0000000000000455       0x35 /usr/lib/gcc/riscv64-unknown-elf/9.3.0/libg_nano.a(lib_a-atexit.o)
 .riscv.attributes
                0x000000000000048a       0x35 /usr/lib/gcc/riscv64-unknown-elf/9.3.0/libg_nano.a(lib_a-exit.o)
 .riscv.attributes
                0x00000000000004bf       0x35 /usr/lib/gcc/riscv64-unknown-elf/9.3.0/libg_nano.a(lib_a-fini.o)
 .riscv.attributes
                0x00000000000004f4       0x35 /usr/lib/gcc/riscv64-unknown-elf/9.3.0/libg_nano.a(lib_a-impure.o)
 .riscv.attributes
                0x0000000000000529       0x35 /usr/lib/gcc/riscv64-unknown-elf/9.3.0/libg_nano.a(lib_a-init.o)
 .riscv.attributes
                0x000000000000055e       0x35 /usr/lib/gcc/riscv64-unknown-elf/9.3.0/libg_nano.a(lib_a-memcpy.o)
 .riscv.attributes
                0x0000000000000593       0x33 /usr/lib/gcc/riscv64-unknown-elf/9.3.0/libg_nano.a(lib_a-memset.o)
 .riscv.attributes
                0x00000000000005c6       0x35 /usr/lib/gcc/riscv64-unknown-elf/9.3.0/libg_nano.a(lib_a-strlen.o)
 .riscv.attributes
                0x00000000000005fb       0x35 /usr/lib/gcc/riscv64-unknown-elf/9.3.0/libg_nano.a(lib_a-__atexit.o)
 .riscv.attributes
                0x0000000000000630       0x35 /usr/lib/gcc/riscv64-unknown-elf/9.3.0/libg_nano.a(lib_a-__call_atexit.o)

.debug_frame    0x0000000000000000     0x2140
 .debug_frame   0x0000000000000000      0x120 ./build/app/main.o
 .debug_frame   0x0000000000000120       0xb8 ./build/app/main_blinky.o
 .debug_frame   0x00000000000001d8      0x100 ./build/FreeRTOS/list.o
 .debug_frame   0x00000000000002d8      0x620 ./build/FreeRTOS/queue.o
 .debug_frame   0x00000000000008f8      0xa90 ./build/FreeRTOS/tasks.o
 .debug_frame   0x0000000000001388      0x4e8 ./build/FreeRTOS/timers.o
 .debug_frame   0x0000000000001870      0x190 ./build/FreeRTOS/heap_4.o
 .debug_frame   0x0000000000001a00       0x98 ./build/FreeRTOS/port.o
 .debug_frame   0x0000000000001a98       0x38 ./build/FreeRTOS/_exit.o
 .debug_frame   0x0000000000001ad0       0x40 ./build/FreeRTOS/isatty.o
 .debug_frame   0x0000000000001b10       0x70 ./build/FreeRTOS/write.o
 .debug_frame   0x0000000000001b80       0x40 ./build/FreeRTOS/write_hex.o
 .debug_frame   0x0000000000001bc0      0x130 ./build/FreeRTOS/plic.o
 .debug_frame   0x0000000000001cf0      0x100 ./build/FreeRTOS/uart.o
 .debug_frame   0x0000000000001df0       0xc8 ./build/FreeRTOS/printf.o
 .debug_frame   0x0000000000001eb8      0x130 ./build/FreeRTOS/timer.o
 .debug_frame   0x0000000000001fe8      0x130 ./build/FreeRTOS/trap.o
 .debug_frame   0x0000000000002118       0x28 /usr/lib/gcc/riscv64-unknown-elf/9.3.0/rv64imafdc/lp64d/libgcc.a(_clzsi2.o)

.debug_loc      0x0000000000000000       0xaa
 .debug_loc     0x0000000000000000       0xaa /usr/lib/gcc/riscv64-unknown-elf/9.3.0/rv64imafdc/lp64d/libgcc.a(_clzsi2.o)
